// Jest Snapshot v1, https://goo.gl/fbAQLP

exports[`issue19.js format 1`] = `
====================================options=====================================
parsers: ["babel"]
printWidth: 80
                                                                                | printWidth
=====================================input======================================
a
/**/
+ a.a().a()

=====================================output=====================================
a +
  /**/
  a.a().a();

================================================================================
`;
